// Jest Snapshot v1, https://goo.gl/fbAQLP

exports[`Projects should match the snapshot 1`] = `
<div
  className="project-holder"
>
  <form
    className="project-form"
  >
    <label>
      Name Your Project
    </label>
    <input
      className="name-proj-input"
      name="title"
      onChange={[Function]}
      type="text"
      value=""
    />
    <button
      className="create-btn"
      onClick={[Function]}
    >
      Create
    </button>
  </form>
  <h1
    className="projects-title"
  >
    Projects
  </h1>
  <div
    data-key={30}
    key="30"
  >
    <h2
      className="project-name"
      onClick={[Function]}
    >
      hi
    </h2>
    <button
      className="project-delete-btn"
      onClick={[Function]}
    >
      Delete Project
    </button>
  </div>
  <div
    data-key={31}
    key="31"
  >
    <h2
      className="project-name"
      onClick={[Function]}
    >
      bye
    </h2>
    <button
      className="project-delete-btn"
      onClick={[Function]}
    >
      Delete Project
    </button>
  </div>
</div>
`;
