// Jest Snapshot v1, https://goo.gl/fbAQLP

exports[`Header should match snapshot 1`] = `
<main>
  <header
    className="header-container"
  >
    <h1
      className="header-title"
    >
      Color Catcher
    </h1>
    <button
      className="generate"
      onClick={[Function]}
    >
      Generate Colors
    </button>
  </header>
</main>
`;
