// Jest Snapshot v1, https://goo.gl/fbAQLP

exports[`Palettes should match the snapshot 1`] = `
<div
  className="palette-holder"
>
  <h1>
    project
  </h1>
  <div>
    <input
      className="palette-name"
      onChange={[Function]}
      placeholder="Name your palette!"
      type="text"
      value=""
    />
    <button
      className="add-palette-btn"
      onClick={[Function]}
    >
      Add Palette 
    </button>
  </div>
</div>
`;
